// Jest Snapshot v1, https://goo.gl/fbAQLP

exports[`Navbar renders Navbar component 1`] = `
Object {
  "asFragment": [Function],
  "baseElement": <body>
    <div>
      <nav
        class="navbar navbar-expand-lg"
      >
        <div
          class="container-fluid"
        >
          <a
            aria-current="page"
            class="navbar-brand ms-4 d-flex align-items-center active"
            href="/"
          >
            <img
              alt="planet"
              height="70"
              src="planet.png"
              width="70"
            />
            <h1
              class="ms-2 fs-3 d-none d-sm-block"
            >
              Space Travelers' Hub
            </h1>
          </a>
          <button
            aria-controls="navbarScroll"
            aria-expanded="false"
            aria-label="Toggle navigation"
            class="navbar-toggler"
            data-bs-target="#navbarScroll"
            data-bs-toggle="collapse"
            type="button"
          >
            <span
              class="navbar-toggler-icon"
            />
          </button>
          <div
            class="collapse navbar-collapse"
            id="navbarScroll"
          >
            <ul
              class="navbar-nav ms-auto my-2 my-lg-0 navbar-nav-scroll"
            >
              <li
                class="nav-item"
              >
                <a
                  aria-current="page"
                  class="nav-link text-primary active"
                  href="/"
                >
                  Rockets
                </a>
              </li>
              <li
                class="nav-item"
              >
                <a
                  class="nav-link  text-primary"
                  href="/missions"
                >
                  Missions
                </a>
              </li>
              <li
                class="nav-item"
              >
                <a
                  class="nav-link  text-primary"
                  href="/profile"
                >
                  Profile
                </a>
              </li>
            </ul>
          </div>
        </div>
      </nav>
      <hr
        class="w-auto ms-5 me-5"
      />
    </div>
  </body>,
  "container": <div>
    <nav
      class="navbar navbar-expand-lg"
    >
      <div
        class="container-fluid"
      >
        <a
          aria-current="page"
          class="navbar-brand ms-4 d-flex align-items-center active"
          href="/"
        >
          <img
            alt="planet"
            height="70"
            src="planet.png"
            width="70"
          />
          <h1
            class="ms-2 fs-3 d-none d-sm-block"
          >
            Space Travelers' Hub
          </h1>
        </a>
        <button
          aria-controls="navbarScroll"
          aria-expanded="false"
          aria-label="Toggle navigation"
          class="navbar-toggler"
          data-bs-target="#navbarScroll"
          data-bs-toggle="collapse"
          type="button"
        >
          <span
            class="navbar-toggler-icon"
          />
        </button>
        <div
          class="collapse navbar-collapse"
          id="navbarScroll"
        >
          <ul
            class="navbar-nav ms-auto my-2 my-lg-0 navbar-nav-scroll"
          >
            <li
              class="nav-item"
            >
              <a
                aria-current="page"
                class="nav-link text-primary active"
                href="/"
              >
                Rockets
              </a>
            </li>
            <li
              class="nav-item"
            >
              <a
                class="nav-link  text-primary"
                href="/missions"
              >
                Missions
              </a>
            </li>
            <li
              class="nav-item"
            >
              <a
                class="nav-link  text-primary"
                href="/profile"
              >
                Profile
              </a>
            </li>
          </ul>
        </div>
      </div>
    </nav>
    <hr
      class="w-auto ms-5 me-5"
    />
  </div>,
  "debug": [Function],
  "findAllByAltText": [Function],
  "findAllByDisplayValue": [Function],
  "findAllByLabelText": [Function],
  "findAllByPlaceholderText": [Function],
  "findAllByRole": [Function],
  "findAllByTestId": [Function],
  "findAllByText": [Function],
  "findAllByTitle": [Function],
  "findByAltText": [Function],
  "findByDisplayValue": [Function],
  "findByLabelText": [Function],
  "findByPlaceholderText": [Function],
  "findByRole": [Function],
  "findByTestId": [Function],
  "findByText": [Function],
  "findByTitle": [Function],
  "getAllByAltText": [Function],
  "getAllByDisplayValue": [Function],
  "getAllByLabelText": [Function],
  "getAllByPlaceholderText": [Function],
  "getAllByRole": [Function],
  "getAllByTestId": [Function],
  "getAllByText": [Function],
  "getAllByTitle": [Function],
  "getByAltText": [Function],
  "getByDisplayValue": [Function],
  "getByLabelText": [Function],
  "getByPlaceholderText": [Function],
  "getByRole": [Function],
  "getByTestId": [Function],
  "getByText": [Function],
  "getByTitle": [Function],
  "queryAllByAltText": [Function],
  "queryAllByDisplayValue": [Function],
  "queryAllByLabelText": [Function],
  "queryAllByPlaceholderText": [Function],
  "queryAllByRole": [Function],
  "queryAllByTestId": [Function],
  "queryAllByText": [Function],
  "queryAllByTitle": [Function],
  "queryByAltText": [Function],
  "queryByDisplayValue": [Function],
  "queryByLabelText": [Function],
  "queryByPlaceholderText": [Function],
  "queryByRole": [Function],
  "queryByTestId": [Function],
  "queryByText": [Function],
  "queryByTitle": [Function],
  "rerender": [Function],
  "unmount": [Function],
}
`;
